./ci/check-contract.sh
runtime/mc_admin.adb: OK
runtime/mc_admin.ads: OK
runtime/mc_atomic.adb: OK
runtime/mc_atomic.ads: OK
runtime/mc_authentic.adb: OK
runtime/mc_authentic.ads: OK
runtime/mc_checkpoint_store.adb: OK
runtime/mc_checkpoint_store.ads: OK
runtime/mc_cli.adb: OK
runtime/mc_cli.ads: OK
runtime/mc_clock.adb: OK
runtime/mc_clock.ads: OK
runtime/mc_command.adb: OK
runtime/mc_command.ads: OK
runtime/mc_config_auth.adb: OK
runtime/mc_config_auth.ads: OK
runtime/mc_control_io.adb: OK
runtime/mc_control_io.ads: OK
runtime/mc_durable.adb: OK
runtime/mc_durable.ads: OK
runtime/mc_fault_auth.adb: OK
runtime/mc_fault_auth.ads: OK
runtime/mc_file_io.adb: OK
runtime/mc_file_io.ads: OK
runtime/mc_fs.adb: OK
runtime/mc_fs.ads: OK
runtime/mc_gate.adb: OK
runtime/mc_gate.ads: OK
runtime/mc_https.adb: OK
runtime/mc_https.ads: OK
runtime/mc_ingress.adb: OK
runtime/mc_ingress.ads: OK
runtime/mc_kernel_read.adb: OK
runtime/mc_kernel_read.ads: OK
runtime/mc_keys.adb: OK
runtime/mc_keys.ads: OK
runtime/mc_layout.adb: OK
runtime/mc_layout.ads: OK
runtime/mc_log.adb: OK
runtime/mc_log.ads: OK
runtime/mc_posix.ads: OK
runtime/mc_qualification_auth.adb: OK
runtime/mc_qualification_auth.ads: OK
runtime/mc_receiver_ledger.adb: OK
runtime/mc_receiver_ledger.ads: OK
runtime/mc_request_files.adb: OK
runtime/mc_request_files.ads: OK
runtime/mc_runtime.adb: OK
runtime/mc_runtime.ads: OK
runtime/mc_signatures.adb: OK
runtime/mc_signatures.ads: OK
runtime/mc_site_policy.adb: OK
runtime/mc_site_policy.ads: OK
runtime/mc_stop_barrier_auth.adb: OK
runtime/mc_stop_barrier_auth.ads: OK
runtime/mc_store.adb: OK
runtime/mc_store.ads: OK
runtime/mc_tools.adb: OK
runtime/mc_tools.ads: OK
runtime/mc_xml.adb: OK
runtime/mc_xml.ads: OK
src/mc_accounting.adb: OK
src/mc_accounting.ads: OK
src/mc_attestation.adb: OK
src/mc_attestation.ads: OK
src/mc_authorization.adb: OK
src/mc_authorization.ads: OK
src/mc_backups.adb: OK
src/mc_backups.ads: OK
src/mc_base64.adb: OK
src/mc_base64.ads: OK
src/mc_breakglass.adb: OK
src/mc_breakglass.ads: OK
src/mc_checkpoint.adb: OK
src/mc_checkpoint.ads: OK
src/mc_codec.adb: OK
src/mc_codec.ads: OK
src/mc_commissioning.adb: OK
src/mc_commissioning.ads: OK
src/mc_compatibility.adb: OK
src/mc_compatibility.ads: OK
src/mc_config_receipt.adb: OK
src/mc_config_receipt.ads: OK
src/mc_contract_profile.ads: OK
src/mc_control.adb: OK
src/mc_control.ads: OK
src/mc_control_codec.adb: OK
src/mc_control_codec.ads: OK
src/mc_diagnostic_bundle.adb: OK
src/mc_diagnostic_bundle.ads: OK
src/mc_dirents.adb: OK
src/mc_dirents.ads: OK
src/mc_fault_report.adb: OK
src/mc_fault_report.ads: OK
src/mc_faults.adb: OK
src/mc_faults.ads: OK
src/mc_generation.adb: OK
src/mc_generation.ads: OK
src/mc_golden.adb: OK
src/mc_golden.ads: OK
src/mc_health_golden.adb: OK
src/mc_health_golden.ads: OK
src/mc_health_report.adb: OK
src/mc_health_report.ads: OK
src/mc_hex.adb: OK
src/mc_hex.ads: OK
src/mc_incidents.adb: OK
src/mc_incidents.ads: OK
src/mc_journal_budget.ads: OK
src/mc_json.adb: OK
src/mc_json.ads: OK
src/mc_log_format.adb: OK
src/mc_log_format.ads: OK
src/mc_maintenance.adb: OK
src/mc_maintenance.ads: OK
src/mc_numbers.adb: OK
src/mc_numbers.ads: OK
src/mc_paths.adb: OK
src/mc_paths.ads: OK
src/mc_platform_profile.adb: OK
src/mc_platform_profile.ads: OK
src/mc_properties.adb: OK
src/mc_properties.ads: OK
src/mc_protocol.adb: OK
src/mc_protocol.ads: OK
src/mc_qualification.adb: OK
src/mc_qualification.ads: OK
src/mc_recovery_cohort.adb: OK
src/mc_recovery_cohort.ads: OK
src/mc_release.adb: OK
src/mc_release.ads: OK
src/mc_replay.adb: OK
src/mc_replay.ads: OK
src/mc_request_replay.adb: OK
src/mc_request_replay.ads: OK
src/mc_requests.adb: OK
src/mc_requests.ads: OK
src/mc_retry_budget.adb: OK
src/mc_retry_budget.ads: OK
src/mc_sha256.adb: OK
src/mc_sha256.ads: OK
src/mc_stop_barrier.adb: OK
src/mc_stop_barrier.ads: OK
src/mc_system_baseline.adb: OK
src/mc_system_baseline.ads: OK
src/mc_text.adb: OK
src/mc_text.ads: OK
src/mc_time_guard.adb: OK
src/mc_time_guard.ads: OK
src/mc_types.adb: OK
src/mc_types.ads: OK
src/mc_witness.adb: OK
src/mc_witness.ads: OK
mkdir -p build/proof-obj
python3 ci/proof-guard.py -- "/home/nia/devbox/niaos/.work/toolchains/gnatprove-x86_64-linux-16.1.0-1/bin/gnatprove" -P proof.gpr -U --mode=flow --checks-as-errors=on --warnings=error
proof-guard: {"command": ["/home/nia/devbox/niaos/.work/toolchains/gnatprove-x86_64-linux-16.1.0-1/bin/gnatprove", "-j1", "-P", "proof.gpr", "-U", "--mode=flow", "--checks-as-errors=on", "--warnings=error"], "address_mib_per_process": 1536, "sampled_session_rss_mib": 2048, "minimum_available_mib": 2048, "seconds": 3600}
Phase 1 of 3: generation of data representation information ...
Phase 2 of 3: generation of Global contracts ...
Phase 3 of 3: analysis of data and information flow ...
 info: analyzing call to "Nibble" in context
--> mc_hex.adb:32:15

 info: analyzing call to "Nibble" in context
--> mc_hex.adb:33:15
 info: analyzing call to "Commit" in context
--> mc_commissioning.adb:9:56

 info: analyzing call to "Commit" in context
--> mc_commissioning.adb:15:48

 info: analyzing call to "Commit" in context
--> mc_commissioning.adb:19:73

 info: analyzing call to "Commit" in context
--> mc_commissioning.adb:24:43

 info: analyzing call to "Commit" in context
--> mc_commissioning.adb:27:86

 info: analyzing call to "Commit" in context
--> mc_commissioning.adb:31:87

 info: analyzing call to "Commit" in context
--> mc_commissioning.adb:34:73

 info: analyzing call to "Commit" in context
--> mc_commissioning.adb:38:48

 info: analyzing call to "Commit" in context
--> mc_commissioning.adb:41:47

 info: analyzing call to "Commit" in context
--> mc_commissioning.adb:42:99

 info: analyzing call to "Commit" in context
--> mc_commissioning.adb:45:43
 info: analyzing call to "Done" in context
--> mc_generation.adb:10:73

 info: analyzing call to "Done" in context
--> mc_generation.adb:12:109

 info: analyzing call to "Done" in context
--> mc_generation.adb:18:58

 info: analyzing call to "Done" in context
--> mc_generation.adb:20:125

 info: analyzing call to "Done" in context
--> mc_generation.adb:24:184

 info: analyzing call to "Done" in context
--> mc_generation.adb:27:60

 info: analyzing call to "Done" in context
--> mc_generation.adb:30:61
 info: analyzing call to "Value" in context
--> mc_base64.adb:40:22
 info: no contextual analysis of "Union_Of" (call returns unconstrained type)
--> config_merge.adb:11:54

 info: analyzing call to "Lookup" in context
--> config_merge.adb:31:18

 info: analyzing call to "Lookup" in context
--> config_merge.adb:32:18

 info: analyzing call to "Lookup" in context
--> config_merge.adb:33:18
 info: no contextual analysis of "Lookup" (call returns unconstrained type)
--> config_schema_codec.adb:31:43

 info: no contextual analysis of "Lookup" (in potentially unevaluated context)
--> config_schema_codec.adb:83:72
 info: no contextual analysis of "Pred_Valid" (in potentially unevaluated context)
--> config_semantics.adb:35:65

 info: no contextual analysis of "Pred_Valid" (in potentially unevaluated context)
--> config_semantics.adb:36:57
 info: analyzing call to "Add" in context
--> config_nvidia.adb:14:77

 info: analyzing call to "Add" in context
--> config_nvidia.adb:16:128

 info: analyzing call to "Add" in context
--> config_nvidia.adb:17:40

 info: analyzing call to "Add" in context
--> config_nvidia.adb:18:39

 info: analyzing call to "Add" in context
--> config_nvidia.adb:19:52

 info: analyzing call to "Add" in context
--> config_nvidia.adb:20:88

 info: analyzing call to "Add" in context
--> config_nvidia.adb:21:68

 info: analyzing call to "Add" in context
--> config_nvidia.adb:22:40

 info: analyzing call to "Add" in context
--> config_nvidia.adb:23:47

 info: analyzing call to "Add" in context
--> config_nvidia.adb:24:75

 info: analyzing call to "Add" in context
--> config_nvidia.adb:25:87

 info: analyzing call to "Add" in context
--> config_nvidia.adb:30:10

 info: analyzing call to "Add" in context
--> config_nvidia.adb:33:85

 info: analyzing call to "Add" in context
--> config_nvidia.adb:36:46

 info: analyzing call to "Add" in context
--> config_nvidia.adb:39:86

 info: analyzing call to "Add" in context
--> config_nvidia.adb:40:86

 info: analyzing call to "Add" in context
--> config_nvidia.adb:41:85

 info: analyzing call to "Add" in context
--> config_nvidia.adb:43:48

 info: analyzing call to "Add" in context
--> config_nvidia.adb:47:44

 info: analyzing call to "Add" in context
--> config_nvidia.adb:49:78

 info: analyzing call to "Add" in context
--> config_nvidia.adb:50:43

 info: analyzing call to "Add" in context
--> config_nvidia.adb:53:86

 info: analyzing call to "Add" in context
--> config_nvidia.adb:55:61

 info: analyzing call to "Add" in context
--> config_nvidia.adb:56:77

 info: analyzing call to "Add" in context
--> config_nvidia.adb:57:70

 info: analyzing call to "Add" in context
--> config_nvidia.adb:60:93

 info: analyzing call to "Add" in context
--> config_nvidia.adb:65:76
Success: all checks proved (549 checks).
Summary logged in /home/nia/devbox/niaos/nia-os-consent/configcore/build/proof-obj/gnatprove/gnatprove.out
proof-guard: {"limits": {"address_mib_per_process": 1536, "minimum_available_mib": 2048, "nice_increment": 15, "sample_interval_seconds": 0.1, "sampled_session_rss_mib": 2048, "seconds": 3600}, "peak_session_rss_bytes": 63741952, "reason": null, "result": "pass", "returncode": 0, "seconds": 4.736}
