Phase 1 of 3: generation of data representation information ...
Phase 2 of 3: generation of Global contracts ...
Phase 3 of 3: analysis of data and information flow ...
 info: analyzing call to "Nibble" in context
--> mc_hex.adb:32:15

 info: analyzing call to "Nibble" in context
--> mc_hex.adb:33:15
 info: analyzing call to "Commit" in context
--> mc_commissioning.adb:9:56

 info: analyzing call to "Commit" in context
--> mc_commissioning.adb:15:48

 info: analyzing call to "Commit" in context
--> mc_commissioning.adb:19:73

 info: analyzing call to "Commit" in context
--> mc_commissioning.adb:24:43

 info: analyzing call to "Commit" in context
--> mc_commissioning.adb:27:86

 info: analyzing call to "Commit" in context
--> mc_commissioning.adb:31:87

 info: analyzing call to "Commit" in context
--> mc_commissioning.adb:34:73

 info: analyzing call to "Commit" in context
--> mc_commissioning.adb:38:48

 info: analyzing call to "Commit" in context
--> mc_commissioning.adb:41:47

 info: analyzing call to "Commit" in context
--> mc_commissioning.adb:42:99

 info: analyzing call to "Commit" in context
--> mc_commissioning.adb:45:43
 info: analyzing call to "Done" in context
--> mc_generation.adb:10:73

 info: analyzing call to "Done" in context
--> mc_generation.adb:12:109

 info: analyzing call to "Done" in context
--> mc_generation.adb:18:58

 info: analyzing call to "Done" in context
--> mc_generation.adb:20:125

 info: analyzing call to "Done" in context
--> mc_generation.adb:24:184

 info: analyzing call to "Done" in context
--> mc_generation.adb:27:60

 info: analyzing call to "Done" in context
--> mc_generation.adb:30:61
 info: analyzing call to "Value" in context
--> mc_base64.adb:32:22

 info: analyzing call to "Emit" in context
--> mc_base64.adb:38:10

 info: analyzing call to "Emit" in context
--> mc_base64.adb:39:25

 info: analyzing call to "Emit" in context
--> mc_base64.adb:40:25
 info: analyzing call to "Add" in context
--> mc_json.adb:66:10

 info: no contextual analysis of "Value_Read" (object renaming)
--> mc_json.adb:79:07

 info: analyzing call to "Space" in context
--> mc_json.adb:83:16

 info: analyzing call to "String_Node_Read" in context
--> mc_json.adb:85:31

 info: analyzing call to "Add" in context
--> mc_json.adb:88:13

 info: analyzing call to "Space" in context
--> mc_json.adb:89:25

 info: analyzing call to "String_Node_Read" in context
--> mc_json.adb:93:19

 info: analyzing call to "Space" in context
--> mc_json.adb:101:19

 info: analyzing call to "Value_Read" in context
--> mc_json.adb:103:16

 info: no contextual analysis of call to recursive subprogram
--> mc_json.adb:103:16

 info: analyzing call to "Space" in context
--> mc_json.adb:104:16

 info: analyzing call to "Space" in context
--> mc_json.adb:107:33

 info: analyzing call to "Add" in context
--> mc_json.adb:110:13

 info: analyzing call to "Add" in context
--> mc_json.adb:118:16

 info: analyzing call to "Space" in context
--> mc_json.adb:128:26
 info: analyzing call to "Digest_At" in context
--> capsule_wire.adb:32:07

 info: analyzing call to "Digest_At" in context
--> capsule_wire.adb:32:37

 info: analyzing call to "Digest_At" in context
--> capsule_wire.adb:33:07

 info: analyzing call to "Digest_At" in context
--> capsule_wire.adb:33:42

 info: analyzing call to "Mask" in context
--> capsule_wire.adb:42:07

 info: analyzing call to "Mask" in context
--> capsule_wire.adb:42:32

 info: analyzing call to "Mask" in context
--> capsule_wire.adb:42:61

 info: analyzing call to "Mask" in context
--> capsule_wire.adb:43:07

 info: analyzing call to "Mask" in context
--> capsule_wire.adb:43:36
 info: no contextual analysis of "Text" (object renaming)
--> capsule_prompt.adb:10:07

 info: analyzing call to "Octet" in context
--> capsule_prompt.adb:12:10

 info: analyzing call to "Octet" in context
--> capsule_prompt.adb:12:30

 info: analyzing call to "Octet" in context
--> capsule_prompt.adb:13:26

 info: no contextual analysis of "Hash" (object renaming)
--> capsule_prompt.adb:15:07

 info: analyzing call to "Octet" in context
--> capsule_prompt.adb:15:59

 info: analyzing call to "Octet" in context
--> capsule_prompt.adb:24:50

 info: analyzing call to "Octet" in context
--> capsule_prompt.adb:25:07

 info: analyzing call to "Octet" in context
--> capsule_prompt.adb:27:23
 info: no contextual analysis of "Number" (object renaming)
--> capsule_consent_wire.adb:26:07

 info: analyzing call to "Octet" in context
--> capsule_consent_wire.adb:30:26

 info: no contextual analysis of "Hash" (object renaming)
--> capsule_consent_wire.adb:32:07

 info: analyzing call to "Octet" in context
--> capsule_consent_wire.adb:32:59

 info: analyzing call to "Octet" in context
--> capsule_consent_wire.adb:36:41

 info: analyzing call to "Octet" in context
--> capsule_consent_wire.adb:37:07

 info: analyzing call to "Octet" in context
--> capsule_consent_wire.adb:44:47

 info: analyzing call to "Octet" in context
--> capsule_consent_wire.adb:47:07

 info: analyzing call to "Octet" in context
--> capsule_consent_wire.adb:64:13

 info: analyzing call to "Octet" in context
--> capsule_consent_wire.adb:70:51

 info: analyzing call to "Octet" in context
--> capsule_consent_wire.adb:76:07

 info: analyzing call to "Number" in context
--> capsule_consent_wire.adb:77:07

 info: analyzing call to "Number" in context
--> capsule_consent_wire.adb:77:26

 info: analyzing call to "Hash" in context
--> capsule_consent_wire.adb:78:07

 info: analyzing call to "Hash" in context
--> capsule_consent_wire.adb:78:39

 info: analyzing call to "Hash" in context
--> capsule_consent_wire.adb:79:07

 info: analyzing call to "Hash" in context
--> capsule_consent_wire.adb:79:43

 info: analyzing call to "Number" in context
--> capsule_consent_wire.adb:80:07

 info: analyzing call to "Number" in context
--> capsule_consent_wire.adb:80:43

 info: analyzing call to "Number" in context
--> capsule_consent_wire.adb:81:07

 info: analyzing call to "Number" in context
--> capsule_consent_wire.adb:81:34

 info: analyzing call to "Number" in context
--> capsule_consent_wire.adb:82:07

 info: analyzing call to "Number" in context
--> capsule_consent_wire.adb:82:36

 info: analyzing call to "Hash" in context
--> capsule_consent_wire.adb:83:07

 info: analyzing call to "Hash" in context
--> capsule_consent_wire.adb:83:32

 info: analyzing call to "Hash" in context
--> capsule_consent_wire.adb:83:71

 info: analyzing call to "Octet" in context
--> capsule_consent_wire.adb:84:47

 info: analyzing call to "Number" in context
--> capsule_consent_wire.adb:85:07

 info: analyzing call to "Number" in context
--> capsule_consent_wire.adb:85:41

 info: analyzing call to "Hash" in context
--> capsule_consent_wire.adb:86:07

 info: analyzing call to "Hash" in context
--> capsule_consent_wire.adb:86:28

 info: analyzing call to "Hash" in context
--> capsule_consent_wire.adb:86:48

 info: analyzing call to "Hash" in context
--> capsule_consent_wire.adb:86:67

 info: analyzing call to "Hash" in context
--> capsule_consent_wire.adb:86:87

 info: analyzing call to "Octet" in context
--> capsule_consent_wire.adb:87:07

 info: analyzing call to "Number" in context
--> capsule_consent_wire.adb:88:49

 info: analyzing call to "Number" in context
--> capsule_consent_wire.adb:88:69

 info: analyzing call to "Number" in context
--> capsule_consent_wire.adb:88:90

 info: analyzing call to "Hash" in context
--> capsule_consent_wire.adb:89:07

 info: analyzing call to "Hash" in context
--> capsule_consent_wire.adb:89:22
 info: analyzing call to "Bump" in context
--> capsule_consent.adb:99:07

 info: analyzing call to "Bump" in context
--> capsule_consent.adb:114:07

 info: analyzing call to "Bump" in context
--> capsule_consent.adb:128:07

 info: analyzing call to "Bump" in context
--> capsule_consent.adb:142:07

 info: analyzing call to "Bump" in context
--> capsule_consent.adb:155:07

 info: analyzing call to "Bump" in context
--> capsule_consent.adb:169:07

 info: analyzing call to "Bump" in context
--> capsule_consent.adb:189:07

 info: analyzing call to "Bump" in context
--> capsule_consent.adb:210:07
Success: all checks proved (521 checks).
Summary logged in /home/nia/devbox/niaos/nia-os-consent/capsulecore/build/proof-obj/gnatprove/gnatprove.out
